
  [4mMon Aug 24 2026[24m [90m[Today][39m [90m[1/4][39m
    [90m1.[39m [32m✔ [39m [90mNormal priority task[39m [90m@coding[39m 
    [90m2.[39m [34m… [39m [4m[33mMedium priority task[39m[24m [33m(!)[39m [90m@coding[39m 
    [90m3.[39m [35m☐ [39m [4m[31mHigh priority task[39m[24m [31m(!!)[39m [90m@coding[39m [33m★[39m
    [90m5.[39m [35m☐ [39m Another board entirely [90m@writing[39m 

  [90m25% of all tasks complete.[39m
  [32m1[39m [90mdone[39m[90m · [39m[34m1[39m [90min-progress[39m[90m · [39m[35m2[39m [90mpending[39m[90m · [39m[34m0[39m [90mnotes[39m 

